=== Alakran Webhook Test Log ===
Timestamp: Fri Nov 21 10:58:34 PM UTC 2025

=== REQUEST ===
POST /webhooks/check-availability
Body: {"message":{"type":"tool-calls","toolCalls":[{"id":"test-123","type":"function","function":{"name":"checkAvailabilityALAKRAN","arguments":{"fecha":"2025-11-22","hora":"20:00","personas":2}}}]}}

=== RESPONSE ===
{"results":[{"toolCallId":"test-123","result":"Perfecto, tenemos disponibilidad para 2 personas el 2025-11-22 a las 20:00."}]}

=== Test Complete ===
